Copyright 1986-2021 Xilinx, Inc. All Rights Reserved.
-------------------------------------------------------------------------------------
| Tool Version : Vivado v.2021.2 (lin64) Build 3367213 Tue Oct 19 02:47:39 MDT 2021
| Date         : Wed May 25 20:53:55 2022
| Host         : mshrimp running 64-bit Arch Linux
| Command      : report_control_sets -verbose -file PCFG_TOP_control_sets_placed.rpt
| Design       : PCFG_TOP
| Device       : xc7s75
-------------------------------------------------------------------------------------

Control Set Information

Table of Contents
-----------------
1. Summary
2. Histogram
3. Flip-Flop Distribution
4. Detailed Control Set Information

1. Summary
----------

+----------------------------------------------------------+-------+
|                          Status                          | Count |
+----------------------------------------------------------+-------+
| Total control sets                                       |    30 |
|    Minimum number of control sets                        |    30 |
|    Addition due to synthesis replication                 |     0 |
|    Addition due to physical synthesis replication        |     0 |
| Unused register locations in slices containing registers |    90 |
+----------------------------------------------------------+-------+
* Control sets can be merged at opt_design using control_set_merge or merge_equivalent_drivers
** Run report_qor_suggestions for automated merging and remapping suggestions


2. Histogram
------------

+--------------------+-------+
|       Fanout       | Count |
+--------------------+-------+
| Total control sets |    30 |
| >= 0 to < 4        |     2 |
| >= 4 to < 6        |     3 |
| >= 6 to < 8        |     2 |
| >= 8 to < 10       |     9 |
| >= 10 to < 12      |     9 |
| >= 12 to < 14      |     1 |
| >= 14 to < 16      |     1 |
| >= 16              |     3 |
+--------------------+-------+
* Control sets can be remapped at either synth_design or opt_design


3. Flip-Flop Distribution
-------------------------

+--------------+-----------------------+------------------------+-----------------+--------------+
| Clock Enable | Synchronous Set/Reset | Asynchronous Set/Reset | Total Registers | Total Slices |
+--------------+-----------------------+------------------------+-----------------+--------------+
| No           | No                    | No                     |            1009 |          237 |
| No           | No                    | Yes                    |               4 |            2 |
| No           | Yes                   | No                     |              16 |            5 |
| Yes          | No                    | No                     |             105 |           27 |
| Yes          | No                    | Yes                    |              32 |            6 |
| Yes          | Yes                   | No                     |             120 |           41 |
+--------------+-----------------------+------------------------+-----------------+--------------+


4. Detailed Control Set Information
-----------------------------------

+------------------------------+--------------------------------------------------------------------------------------------------------------------------------------------------------------------------------------------------------------------------+---------------------------------------------------------------------------------------------------------------------------------+------------------+----------------+--------------+
|         Clock Signal         |                                                                                                       Enable Signal                                                                                                      |                                                         Set/Reset Signal                                                        | Slice Load Count | Bel Load Count | Bels / Slice |
+------------------------------+--------------------------------------------------------------------------------------------------------------------------------------------------------------------------------------------------------------------------+---------------------------------------------------------------------------------------------------------------------------------+------------------+----------------+--------------+
|  m_debug_header_OBUF_BUFG[0] | OPTMODE_CTRL/FFT/U0/i_synth/xfft_inst/non_floating_point.arch_c.xfft_inst/control/cntrl/pe_cnt/end_rank                                                                                                                  | OPTMODE_CTRL/FFT/U0/i_synth/xfft_inst/non_floating_point.arch_c.xfft_inst/control/cntrl/process_state_s                         |                1 |              1 |         1.00 |
| ~m_debug_header_OBUF_BUFG[0] |                                                                                                                                                                                                                          |                                                                                                                                 |                2 |              3 |         1.50 |
|  m_debug_header_OBUF_BUFG[0] | OPTMODE_CTRL/FFT/U0/i_synth/xfft_inst/non_floating_point.arch_c.xfft_inst/control/cntrl/pe_cnt/process_state_s_reg                                                                                                       | OPTMODE_CTRL/FFT/U0/i_synth/xfft_inst/non_floating_point.arch_c.xfft_inst/control/cntrl/process_state_s                         |                1 |              4 |         4.00 |
|  clk_gen/CNT0_i_2_n_0        |                                                                                                                                                                                                                          | clk_gen_i_1_n_0                                                                                                                 |                2 |              4 |         2.00 |
|  m_debug_header_OBUF_BUFG[0] | main_ctrl/state                                                                                                                                                                                                          | main_ctrl_i_1_n_0                                                                                                               |                3 |              4 |         1.33 |
|  m_debug_header_OBUF_BUFG[0] |                                                                                                                                                                                                                          | clk_gen_i_1_n_0                                                                                                                 |                3 |              6 |         2.00 |
|  m_debug_header_OBUF_BUFG[0] | OPTMODE_CTRL/FFT/U0/i_synth/xfft_inst/non_floating_point.arch_c.xfft_inst/control/cntrl/processing_state/ce_pedelay                                                                                                      |                                                                                                                                 |                3 |              7 |         2.33 |
|  m_debug_header_OBUF_BUFG[0] | clk_gen/s_data[7]_i_1_n_0                                                                                                                                                                                                | clk_gen_i_1_n_0                                                                                                                 |                1 |              8 |         8.00 |
|  clk_gen/CNT0_i_2_n_0        | clk_gen/CNT0/s_REG[7]_i_1_n_0                                                                                                                                                                                            | clk_gen_i_1_n_0                                                                                                                 |                1 |              8 |         8.00 |
|  clk_gen/CNT0_i_2_n_0        | clk_gen/CNT0/s_REG[15]_i_1_n_0                                                                                                                                                                                           | clk_gen_i_1_n_0                                                                                                                 |                1 |              8 |         8.00 |
|  m_debug_header_OBUF_BUFG[0] | OPTMODE_CTRL/SQRT/U0/i_synth/i_synth/gen_sqrt.square_root/gen_rdy_int/rdy_int                                                                                                                                            |                                                                                                                                 |                2 |              8 |         4.00 |
|  m_debug_header_OBUF_BUFG[0] | OPTMODE_CTRL/FFT/U0/i_synth/axi_wrapper/data_in_channel_fifo/full0                                                                                                                                                       |                                                                                                                                 |                1 |              8 |         8.00 |
|  m_debug_header_OBUF_BUFG[0] | main_ctrl/en_latch                                                                                                                                                                                                       |                                                                                                                                 |                2 |              8 |         4.00 |
|  m_debug_header_OBUF_BUFG[0] | main_ctrl/DA_latch_en                                                                                                                                                                                                    |                                                                                                                                 |                2 |              8 |         4.00 |
|  m_debug_header_OBUF_BUFG[0] | main_ctrl/ad_ctrl/max_count[7]_i_1_n_0                                                                                                                                                                                   |                                                                                                                                 |                2 |              8 |         4.00 |
|  m_debug_header_OBUF_BUFG[0] | OPTMODE_CTRL/FFT/U0/i_synth/xfft_inst/non_floating_point.arch_c.xfft_inst/control/cntrl/processing_state/ORS_reg_0                                                                                                       | OPTMODE_CTRL/FFT/U0/i_synth/xfft_inst/non_floating_point.arch_c.xfft_inst/control/cntrl/loading_state/ORS_reg_0                 |                3 |              9 |         3.00 |
|  m_debug_header_OBUF_BUFG[0] |                                                                                                                                                                                                                          | OPTMODE_CTRL/FFT/U0/i_synth/xfft_inst/non_floating_point.arch_c.xfft_inst/control/cntrl/has_unloading.unloading_state/ORS_reg_1 |                2 |             10 |         5.00 |
|  m_debug_header_OBUF_BUFG[0] | PCRAM_CTRL/ce_max0                                                                                                                                                                                                       | main_ctrl/PCRAM_CTRL_rst                                                                                                        |                3 |             11 |         3.67 |
|  m_debug_header_OBUF_BUFG[0] | OPTMODE_CTRL/FFT/U0/i_synth/xfft_inst/non_floating_point.arch_c.xfft_inst/control/cntrl/loading_state/ORS_reg_0                                                                                                          |                                                                                                                                 |                4 |             11 |         2.75 |
|  m_debug_header_OBUF_BUFG[0] | OPTRAM_CTRL/r_fall                                                                                                                                                                                                       | OPTRAM_CTRL/counter/cnt[10]_i_1_n_0                                                                                             |                4 |             11 |         2.75 |
|  m_debug_header_OBUF_BUFG[0] | PCRAM_CTRL/ce_c0                                                                                                                                                                                                         | PCRAM_CTRL/counter/cnt[10]_i_1_n_0                                                                                              |                4 |             11 |         2.75 |
|  m_debug_header_OBUF_BUFG[0] | ADRAM_CTRL/ce_c0                                                                                                                                                                                                         | ADRAM_CTRL/counter/cnt[10]_i_1_n_0                                                                                              |                3 |             11 |         3.67 |
|  m_debug_header_OBUF_BUFG[0] | OPTMODE_CTRL/FFT/U0/i_synth/xfft_inst/non_floating_point.arch_c.xfft_inst/control/cntrl/has_unloading.unloading_state/ORS_reg_0                                                                                          |                                                                                                                                 |                4 |             11 |         2.75 |
|  m_debug_header_OBUF_BUFG[0] | main_ctrl/ad_ctrl/wr                                                                                                                                                                                                     | main_ctrl/ad_ctrl/mem_rst                                                                                                       |                4 |             11 |         2.75 |
|  m_debug_header_OBUF_BUFG[0] | OPTMODE_CTRL/SQRT_DELAY/output                                                                                                                                                                                           | main_ctrl/OPTMODE_CTRL_rst                                                                                                      |                3 |             11 |         3.67 |
| ~m_debug_header_OBUF_BUFG[0] | clk_gen/CNT0/s_mode                                                                                                                                                                                                      | clk_gen_i_1_n_0                                                                                                                 |                5 |             13 |         2.60 |
| ~m_debug_header_OBUF_BUFG[0] | clk_gen/CNT0/s_CNT3_U[14]_i_1_n_0                                                                                                                                                                                        | clk_gen_i_1_n_0                                                                                                                 |                6 |             15 |         2.50 |
| ~m_debug_header_OBUF_BUFG[0] | clk_gen/CNT0/s_CNT21                                                                                                                                                                                                     | clk_gen_i_1_n_0                                                                                                                 |                4 |             16 |         4.00 |
|  m_debug_header_OBUF_BUFG[0] | OPTMODE_CTRL/FFT/U0/i_synth/xfft_inst/non_floating_point.arch_c.xfft_inst/control/delay_line_for_dv3/no_sclr_lut.real_shift_ram.use_baseblock.not_use_hlutnm_srls.i_shift_ram/i_bb_inst/gen_output_regs.output_regs/q[0] |                                                                                                                                 |                7 |             36 |         5.14 |
|  m_debug_header_OBUF_BUFG[0] |                                                                                                                                                                                                                          |                                                                                                                                 |              235 |           1110 |         4.72 |
+------------------------------+--------------------------------------------------------------------------------------------------------------------------------------------------------------------------------------------------------------------------+---------------------------------------------------------------------------------------------------------------------------------+------------------+----------------+--------------+


