Copyright 1986-2018 Xilinx, Inc. All Rights Reserved.
-------------------------------------------------------------------------------------
| Tool Version : Vivado v.2018.2 (win64) Build 2258646 Thu Jun 14 20:03:12 MDT 2018
| Date         : Thu May 26 13:45:00 2022
| Host         : DESKTOP-19UI20G running 64-bit major release  (build 9200)
| Command      : report_control_sets -verbose -file PCFG_TOP_control_sets_placed.rpt
| Design       : PCFG_TOP
| Device       : xc7s75
-------------------------------------------------------------------------------------

Control Set Information

Table of Contents
-----------------
1. Summary
2. Histogram
3. Flip-Flop Distribution
4. Detailed Control Set Information

1. Summary
----------

+----------------------------------------------------------+-------+
|                          Status                          | Count |
+----------------------------------------------------------+-------+
| Number of unique control sets                            |    31 |
| Unused register locations in slices containing registers |    56 |
+----------------------------------------------------------+-------+


2. Histogram
------------

+--------+--------------+
| Fanout | Control Sets |
+--------+--------------+
|      2 |            1 |
|      6 |            1 |
|      8 |            2 |
|     10 |            1 |
|     12 |            1 |
|     14 |            1 |
|    16+ |           24 |
+--------+--------------+


3. Flip-Flop Distribution
-------------------------

+--------------+-----------------------+------------------------+-----------------+--------------+
| Clock Enable | Synchronous Set/Reset | Asynchronous Set/Reset | Total Registers | Total Slices |
+--------------+-----------------------+------------------------+-----------------+--------------+
| No           | No                    | No                     |            1870 |          241 |
| No           | No                    | Yes                    |               8 |            2 |
| No           | Yes                   | No                     |              34 |            5 |
| Yes          | No                    | No                     |             248 |           32 |
| Yes          | No                    | Yes                    |              64 |            9 |
| Yes          | Yes                   | No                     |             240 |           44 |
+--------------+-----------------------+------------------------+-----------------+--------------+


4. Detailed Control Set Information
-----------------------------------

+------------------------------+--------------------------------------------------------------------------------------------------------------------------------------------------------------------------------------------------------------------------+-------------------------------------------------------------------------------------------------------------------------------------------------------------------------------------+------------------+----------------+
|         Clock Signal         |                                                                                                       Enable Signal                                                                                                      |                                                                                   Set/Reset Signal                                                                                  | Slice Load Count | Bel Load Count |
+------------------------------+--------------------------------------------------------------------------------------------------------------------------------------------------------------------------------------------------------------------------+-------------------------------------------------------------------------------------------------------------------------------------------------------------------------------------+------------------+----------------+
|  m_debug_header_OBUF_BUFG[0] |                                                                                                                                                                                                                          | main_ctrl/lettuce                                                                                                                                                                   |                1 |              2 |
| ~m_debug_header_OBUF_BUFG[0] |                                                                                                                                                                                                                          |                                                                                                                                                                                     |                3 |              6 |
|  clk_gen/CNT0_i_2_n_0        |                                                                                                                                                                                                                          | clk_gen_i_1_n_0                                                                                                                                                                     |                2 |              8 |
|  m_debug_header_OBUF_BUFG[0] | main_ctrl/state                                                                                                                                                                                                          | main_ctrl_i_1_n_0                                                                                                                                                                   |                2 |              8 |
|  m_debug_header_OBUF_BUFG[0] | OPTMODE_CTRL/FFT/U0/i_synth/xfft_inst/non_floating_point.arch_c.xfft_inst/control/cntrl/pe_cnt/end_rank                                                                                                                  | OPTMODE_CTRL/FFT/U0/i_synth/xfft_inst/non_floating_point.arch_c.xfft_inst/control/cntrl/process_state_s                                                                             |                2 |             10 |
|  m_debug_header_OBUF_BUFG[0] |                                                                                                                                                                                                                          | clk_gen_i_1_n_0                                                                                                                                                                     |                2 |             12 |
|  m_debug_header_OBUF_BUFG[0] | OPTMODE_CTRL/FFT/U0/i_synth/xfft_inst/non_floating_point.arch_c.xfft_inst/control/cntrl/processing_state/ce_pedelay                                                                                                      |                                                                                                                                                                                     |                3 |             14 |
|  clk_gen/CNT0_i_2_n_0        | clk_gen/CNT0/s_REG[15]_i_1_n_0                                                                                                                                                                                           | clk_gen_i_1_n_0                                                                                                                                                                     |                3 |             16 |
|  clk_gen/CNT0_i_2_n_0        | clk_gen/CNT0/s_REG[7]_i_1_n_0                                                                                                                                                                                            | clk_gen_i_1_n_0                                                                                                                                                                     |                2 |             16 |
|  m_debug_header_OBUF_BUFG[0] | main_ctrl/en_latch                                                                                                                                                                                                       |                                                                                                                                                                                     |                1 |             16 |
|  m_debug_header_OBUF_BUFG[0] | main_ctrl/DA_latch_en                                                                                                                                                                                                    |                                                                                                                                                                                     |                2 |             16 |
|  m_debug_header_OBUF_BUFG[0] | main_ctrl/ad_ctrl/max_count[7]_i_1_n_0                                                                                                                                                                                   |                                                                                                                                                                                     |                1 |             16 |
|  m_debug_header_OBUF_BUFG[0] | clk_gen/s_data[7]_i_1_n_0                                                                                                                                                                                                | clk_gen_i_1_n_0                                                                                                                                                                     |                1 |             16 |
|  m_debug_header_OBUF_BUFG[0] | OPTMODE_CTRL/SQRT/U0/i_synth/i_synth/gen_sqrt.square_root/gen_rdy_int/rdy_int                                                                                                                                            |                                                                                                                                                                                     |                3 |             16 |
|  m_debug_header_OBUF_BUFG[0] | OPTMODE_CTRL/FFT/U0/i_synth/axi_wrapper/data_in_channel_fifo/almost_empty1                                                                                                                                               |                                                                                                                                                                                     |                1 |             16 |
|  m_debug_header_OBUF_BUFG[0] | OPTMODE_CTRL/FFT/U0/i_synth/xfft_inst/non_floating_point.arch_c.xfft_inst/control/cntrl/processing_state/no_early_reg.I_TC_reg                                                                                           | OPTMODE_CTRL/FFT/U0/i_synth/xfft_inst/non_floating_point.arch_c.xfft_inst/control/cntrl/loading_state/early_reg.I_TC_reg                                                            |                3 |             18 |
|  m_debug_header_OBUF_BUFG[0] |                                                                                                                                                                                                                          | OPTMODE_CTRL/FFT/U0/i_synth/xfft_inst/non_floating_point.arch_c.xfft_inst/control/cntrl/has_unloading.unloading_state/same_input_output_order.inon.no_cyclic_prefix.OUT_ADDR_reg[0] |                2 |             20 |
|  m_debug_header_OBUF_BUFG[0] | PCRAM_CTRL/ce_c                                                                                                                                                                                                          | PCRAM_CTRL/counter/cnt[10]_i_1_n_0                                                                                                                                                  |                4 |             22 |
|  m_debug_header_OBUF_BUFG[0] | PCRAM_CTRL/ce_max                                                                                                                                                                                                        | main_ctrl/PCRAM_CTRL_rst                                                                                                                                                            |                3 |             22 |
|  m_debug_header_OBUF_BUFG[0] | ADRAM_CTRL/ce_c                                                                                                                                                                                                          | ADRAM_CTRL/counter/cnt[10]_i_1_n_0                                                                                                                                                  |                4 |             22 |
|  m_debug_header_OBUF_BUFG[0] | main_ctrl/ad_ctrl/wr                                                                                                                                                                                                     | main_ctrl/ad_ctrl/mem_rst                                                                                                                                                           |                5 |             22 |
|  m_debug_header_OBUF_BUFG[0] | OPTRAM_CTRL/r_fall                                                                                                                                                                                                       | OPTRAM_CTRL/counter/cnt[10]_i_1_n_0                                                                                                                                                 |                4 |             22 |
|  m_debug_header_OBUF_BUFG[0] | OPTMODE_CTRL/SQRT/U0/i_synth/i_nd_to_rdy/m_axis_dout_tvalid                                                                                                                                                              | main_ctrl/OPTMODE_CTRL_rst                                                                                                                                                          |                4 |             22 |
|  m_debug_header_OBUF_BUFG[0] | OPTMODE_CTRL/FFT/U0/i_synth/xfft_inst/non_floating_point.arch_c.xfft_inst/control/cntrl/has_unloading.unloading_state/cnt_reg[8].addsub_reg                                                                              |                                                                                                                                                                                     |                4 |             22 |
|  m_debug_header_OBUF_BUFG[0] | OPTMODE_CTRL/FFT/U0/i_synth/xfft_inst/non_floating_point.arch_c.xfft_inst/control/cntrl/loading_state/early_reg.I_TC_reg                                                                                                 |                                                                                                                                                                                     |                4 |             22 |
| ~m_debug_header_OBUF_BUFG[0] | clk_gen/CNT0/s_mode                                                                                                                                                                                                      | clk_gen_i_1_n_0                                                                                                                                                                     |                6 |             26 |
| ~m_debug_header_OBUF_BUFG[0] | clk_gen/CNT0/s_CNT3_U[14]_i_1_n_0                                                                                                                                                                                        | clk_gen_i_1_n_0                                                                                                                                                                     |                6 |             30 |
| ~m_debug_header_OBUF_BUFG[0] | clk_gen/CNT0/s_CNT21                                                                                                                                                                                                     | clk_gen_i_1_n_0                                                                                                                                                                     |                4 |             32 |
|  m_debug_header_OBUF_BUFG[0] | ALL_INPUT_LATCH/d_en_i_1_n_0                                                                                                                                                                                             |                                                                                                                                                                                     |                5 |             38 |
|  m_debug_header_OBUF_BUFG[0] | OPTMODE_CTRL/FFT/U0/i_synth/xfft_inst/non_floating_point.arch_c.xfft_inst/control/delay_line_for_dv3/no_sclr_lut.real_shift_ram.use_baseblock.not_use_hlutnm_srls.i_shift_ram/i_bb_inst/gen_output_regs.output_regs/q[0] |                                                                                                                                                                                     |                8 |             72 |
|  m_debug_header_OBUF_BUFG[0] |                                                                                                                                                                                                                          |                                                                                                                                                                                     |              268 |           2162 |
+------------------------------+--------------------------------------------------------------------------------------------------------------------------------------------------------------------------------------------------------------------------+-------------------------------------------------------------------------------------------------------------------------------------------------------------------------------------+------------------+----------------+


