Copyright 1986-2018 Xilinx, Inc. All Rights Reserved.
----------------------------------------------------------------------------------------------------------------------------------------------
| Tool Version     : Vivado v.2018.2 (win64) Build 2258646 Thu Jun 14 20:03:12 MDT 2018
| Date             : Thu May 26 16:00:55 2022
| Host             : DESKTOP-19UI20G running 64-bit major release  (build 9200)
| Command          : report_power -file PCFG_TOP_power_routed.rpt -pb PCFG_TOP_power_summary_routed.pb -rpx PCFG_TOP_power_routed.rpx
| Design           : PCFG_TOP
| Device           : xc7s75fgga676-2
| Design State     : routed
| Grade            : commercial
| Process          : typical
| Characterization : Production
----------------------------------------------------------------------------------------------------------------------------------------------

Power Report

Table of Contents
-----------------
1. Summary
1.1 On-Chip Components
1.2 Power Supply Summary
1.3 Confidence Level
2. Settings
2.1 Environment
2.2 Clock Constraints
3. Detailed Reports
3.1 By Hierarchy

1. Summary
----------

+--------------------------+----------------------------------+
| Total On-Chip Power (W)  | 37.838 (Junction temp exceeded!) |
| Design Power Budget (W)  | Unspecified*                     |
| Power Budget Margin (W)  | NA                               |
| Dynamic (W)              | 37.165                           |
| Device Static (W)        | 0.673                            |
| Effective TJA (C/W)      | 2.4                              |
| Max Ambient (C)          | 0.0                              |
| Junction Temperature (C) | 117.3                            |
| Confidence Level         | Low                              |
| Setting File             | ---                              |
| Simulation Activity File | ---                              |
| Design Nets Matched      | NA                               |
+--------------------------+----------------------------------+
* Specify Design Power Budget using, set_operating_conditions -design_power_budget <value in Watts>


1.1 On-Chip Components
----------------------

+-------------------------+-----------+----------+-----------+-----------------+
| On-Chip                 | Power (W) | Used     | Available | Utilization (%) |
+-------------------------+-----------+----------+-----------+-----------------+
| Slice Logic             |     7.651 |     3010 |       --- |             --- |
|   LUT as Logic          |     5.541 |      889 |     48000 |            1.85 |
|   Register              |     0.783 |     1232 |     96000 |            1.28 |
|   LUT as Shift Register |     0.769 |       86 |     17600 |            0.49 |
|   CARRY4                |     0.547 |      107 |     16000 |            0.67 |
|   BUFG                  |     0.006 |        1 |        32 |            3.13 |
|   F7/F8 Muxes           |     0.005 |       39 |     64000 |            0.06 |
|   Others                |     0.000 |      400 |       --- |             --- |
| Signals                 |    10.104 |     2007 |       --- |             --- |
| Block RAM               |     0.441 |        3 |        90 |            3.33 |
| DSPs                    |     5.844 |        5 |       140 |            3.57 |
| I/O                     |    13.125 |       73 |       400 |           18.25 |
| Static Power            |     0.673 |          |           |                 |
| Total                   |    37.838 |          |           |                 |
+-------------------------+-----------+----------+-----------+-----------------+


1.2 Power Supply Summary
------------------------

+-----------+-------------+-----------+-------------+------------+
| Source    | Voltage (V) | Total (A) | Dynamic (A) | Static (A) |
+-----------+-------------+-----------+-------------+------------+
| Vccint    |       1.000 |    24.567 |      24.138 |      0.428 |
| Vccaux    |       1.800 |     0.547 |       0.457 |      0.090 |
| Vcco33    |       3.300 |     3.696 |       3.692 |      0.004 |
| Vcco25    |       2.500 |     0.000 |       0.000 |      0.000 |
| Vcco18    |       1.800 |     0.000 |       0.000 |      0.000 |
| Vcco15    |       1.500 |     0.000 |       0.000 |      0.000 |
| Vcco135   |       1.350 |     0.000 |       0.000 |      0.000 |
| Vcco12    |       1.200 |     0.000 |       0.000 |      0.000 |
| Vccaux_io |       1.800 |     0.000 |       0.000 |      0.000 |
| Vccbram   |       1.000 |     0.053 |       0.020 |      0.033 |
| Vccadc    |       1.800 |     0.020 |       0.000 |      0.020 |
+-----------+-------------+-----------+-------------+------------+


1.3 Confidence Level
--------------------

+-----------------------------+------------+--------------------------------------------------------+--------------------------------------------------------------------------------------------------------------------+
| User Input Data             | Confidence | Details                                                | Action                                                                                                             |
+-----------------------------+------------+--------------------------------------------------------+--------------------------------------------------------------------------------------------------------------------+
| Design implementation state | High       | Design is routed                                       |                                                                                                                    |
| Clock nodes activity        | Low        | User specified less than 75% of clocks                 | Provide missing clock activity with a constraint file, simulation results or by editing the "By Clock Domain" view |
| I/O nodes activity          | Low        | More than 75% of inputs are missing user specification | Provide missing input activity with simulation results or by editing the "By Resource Type -> I/Os" view           |
| Internal nodes activity     | Medium     | User specified less than 25% of internal nodes         | Provide missing internal nodes activity with simulation results or by editing the "By Resource Type" views         |
| Device models               | High       | Device models are Production                           |                                                                                                                    |
|                             |            |                                                        |                                                                                                                    |
| Overall confidence level    | Low        |                                                        |                                                                                                                    |
+-----------------------------+------------+--------------------------------------------------------+--------------------------------------------------------------------------------------------------------------------+


2. Settings
-----------

2.1 Environment
---------------

+-----------------------+--------------------------+
| Ambient Temp (C)      | 25.0                     |
| ThetaJA (C/W)         | 2.4                      |
| Airflow (LFM)         | 250                      |
| Heat Sink             | medium (Medium Profile)  |
| ThetaSA (C/W)         | 2.8                      |
| Board Selection       | medium (10"x10")         |
| # of Board Layers     | 12to15 (12 to 15 Layers) |
| Board Temperature (C) | 25.0                     |
+-----------------------+--------------------------+


2.2 Clock Constraints
---------------------

+-------+--------+-----------------+
| Clock | Domain | Constraint (ns) |
+-------+--------+-----------------+


3. Detailed Reports
-------------------

3.1 By Hierarchy
----------------

+--------------------------------------------------------------------------------------------+-----------+
| Name                                                                                       | Power (W) |
+--------------------------------------------------------------------------------------------+-----------+
| PCFG_TOP                                                                                   |    37.165 |
|   ADRAM                                                                                    |     0.018 |
|     RAM1                                                                                   |     0.018 |
|       U0                                                                                   |     0.018 |
|         inst_blk_mem_gen                                                                   |     0.018 |
|           gnbram.gnativebmg.native_blk_mem_gen                                             |     0.018 |
|             valid.cstr                                                                     |     0.018 |
|               ramloop[0].ram.r                                                             |     0.018 |
|                 prim_noinit.ram                                                            |     0.018 |
|   ADRAM_CTRL                                                                               |     0.039 |
|     counter                                                                                |     0.022 |
|   AD_LATCH                                                                                 |     0.061 |
|   ALL_INPUT_LATCH                                                                          |     0.104 |
|   CMD_DELAY                                                                                |     0.005 |
|   DA_LATCH                                                                                 |     0.004 |
|   OPTIONRAM                                                                                |     0.024 |
|     RAM1                                                                                   |     0.024 |
|       U0                                                                                   |     0.024 |
|         inst_blk_mem_gen                                                                   |     0.024 |
|           gnbram.gnativebmg.native_blk_mem_gen                                             |     0.024 |
|             valid.cstr                                                                     |     0.024 |
|               ramloop[0].ram.r                                                             |     0.024 |
|                 prim_noinit.ram                                                            |     0.024 |
|   OPTMODE_CTRL                                                                             |    22.111 |
|     FFT                                                                                    |    13.975 |
|       U0                                                                                   |    13.975 |
|         i_synth                                                                            |    13.975 |
|           axi_wrapper                                                                      |     0.191 |
|             config_channel_fifo                                                            |     0.001 |
|             data_in_channel_fifo                                                           |     0.002 |
|             data_out_channel                                                               |     0.186 |
|           xfft_inst                                                                        |    13.784 |
|             non_floating_point.arch_c.xfft_inst                                            |    13.784 |
|               control                                                                      |     1.146 |
|                 cntrl                                                                      |     0.165 |
|                   has_unloading.unloading_state                                            |     0.002 |
|                   loading_state                                                            |     0.002 |
|                   pe_cnt                                                                   |     0.013 |
|                     cnt_async                                                              |     0.004 |
|                       i_baseblox.i_baseblox_addsub                                         |     0.004 |
|                         no_pipelining.the_addsub                                           |     0.004 |
|                           i_lut6.i_lut6_addsub                                             |     0.004 |
|                     threshold                                                              |     0.002 |
|                   processing_state                                                         |    <0.001 |
|                   rank_0_cnt                                                               |     0.006 |
|                     cnt_async                                                              |     0.003 |
|                       i_baseblox.i_baseblox_addsub                                         |     0.003 |
|                         no_pipelining.the_addsub                                           |     0.003 |
|                           i_lut6.i_lut6_addsub                                             |     0.003 |
|                     threshold                                                              |    <0.001 |
|                   rn_0_cnt                                                                 |     0.024 |
|                     cnt_async                                                              |     0.005 |
|                       i_baseblox.i_baseblox_addsub                                         |     0.005 |
|                         no_pipelining.the_addsub                                           |     0.005 |
|                           i_lut6.i_lut6_addsub                                             |     0.005 |
|                     threshold                                                              |     0.002 |
|                   same_input_output_order.inon.no_cyclic_prefix.xk_index_counter           |     0.033 |
|                     cnt_async                                                              |     0.006 |
|                       i_baseblox.i_baseblox_addsub                                         |     0.006 |
|                         no_pipelining.the_addsub                                           |     0.006 |
|                           i_lut6.i_lut6_addsub                                             |     0.006 |
|                     threshold                                                              |     0.004 |
|                   same_input_output_order.inon.xn_index_counter                            |     0.063 |
|                     cnt_async                                                              |     0.006 |
|                       i_baseblox.i_baseblox_addsub                                         |     0.006 |
|                         no_pipelining.the_addsub                                           |     0.006 |
|                           i_lut6.i_lut6_addsub                                             |     0.006 |
|                     threshold                                                              |     0.007 |
|                 delay_line2_for_rfd                                                        |     0.005 |
|                   no_sclr_lut.real_shift_ram.use_baseblock.not_use_hlutnm_srls.i_shift_ram |     0.005 |
|                     i_bb_inst                                                              |     0.005 |
|                 delay_line_for_dv3                                                         |     0.001 |
|                   no_sclr_lut.real_shift_ram.use_baseblock.not_use_hlutnm_srls.i_shift_ram |     0.001 |
|                     i_bb_inst                                                              |     0.001 |
|                       gen_output_regs.output_regs                                          |     0.001 |
|                 delay_line_for_i_sw_control_0                                              |     0.028 |
|                   no_sclr_lut.real_shift_ram.use_baseblock.not_use_hlutnm_srls.i_shift_ram |     0.028 |
|                     i_bb_inst                                                              |     0.028 |
|                 delay_line_for_i_sw_control_1                                              |     0.022 |
|                   no_sclr_lut.real_shift_ram.use_baseblock.not_use_hlutnm_srls.i_shift_ram |     0.022 |
|                     i_bb_inst                                                              |     0.022 |
|                 delay_line_for_inp_add                                                     |     0.019 |
|                 delay_line_for_ld_start                                                    |    <0.001 |
|                   no_sclr_lut.real_shift_ram.use_baseblock.not_use_hlutnm_srls.i_shift_ram |    <0.001 |
|                     i_bb_inst                                                              |    <0.001 |
|                 delay_line_for_o_sw_control0                                               |     0.029 |
|                   no_sclr_lut.real_shift_ram.use_baseblock.not_use_hlutnm_srls.i_shift_ram |     0.029 |
|                     i_bb_inst                                                              |     0.029 |
|                 delay_line_for_o_sw_control1                                               |     0.036 |
|                   no_sclr_lut.real_shift_ram.use_baseblock.not_use_hlutnm_srls.i_shift_ram |     0.036 |
|                     i_bb_inst                                                              |     0.036 |
|                 delay_line_for_rd_addr_mux_control                                         |    <0.001 |
|                 delay_line_for_twiddle_rank                                                |     0.003 |
|                 delay_line_for_twiddle_rn                                                  |     0.010 |
|                 delay_line_for_we_process                                                  |    <0.001 |
|                   no_sclr_lut.real_shift_ram.use_baseblock.not_use_hlutnm_srls.i_shift_ram |    <0.001 |
|                     i_bb_inst                                                              |    <0.001 |
|                 delay_line_for_wr_addr_0                                                   |     0.014 |
|                 delay_line_for_wr_addr_1                                                   |     0.016 |
|                 io_address_gen                                                             |     0.092 |
|                   mem1_we                                                                  |     0.033 |
|                   with_addr_mux.addr_mux                                                   |     0.046 |
|                 out_mux_control_delay                                                      |     0.043 |
|                 out_mux_sel                                                                |     0.017 |
|                 processing_address_generator                                               |     0.084 |
|                   addr0_gen[0].a0.addr0_index                                              |     0.004 |
|                   addr0_gen[1].a0.addr0_index                                              |     0.003 |
|                   addr0_gen[2].a0.addr0_index                                              |     0.004 |
|                   addr0_gen[3].a0.addr0_index                                              |     0.004 |
|                   addr0_gen[4].a0.addr0_index                                              |     0.004 |
|                   addr0_gen[5].a0.addr0_index                                              |     0.004 |
|                   addr0_gen[6].a0.addr0_index                                              |     0.004 |
|                   addr0_gen[7].a0.addr0_index                                              |     0.003 |
|                   addr1_gen[0].a1.addr1_index                                              |     0.003 |
|                   addr1_gen[1].a1.addr1_index                                              |     0.002 |
|                   addr1_gen[2].a1.addr1_index                                              |     0.004 |
|                   addr1_gen[3].a1.addr1_index                                              |     0.004 |
|                   addr1_gen[4].a1.addr1_index                                              |     0.004 |
|                   addr1_gen[5].a1.addr1_index                                              |     0.004 |
|                   addr1_gen[6].a1.addr1_index                                              |     0.002 |
|                   addr1_gen[7].a1.addr1_index                                              |     0.002 |
|                   xor_rn                                                                   |     0.017 |
|                 read_addr_mux0                                                             |     0.020 |
|                 read_addr_mux1                                                             |     0.021 |
|                 twiddle_address_generator                                                  |     0.012 |
|                   n512.mux9                                                                |     0.012 |
|                 twiddle_generator                                                          |     0.405 |
|                   tw0.twgen0                                                               |     0.405 |
|                 write_addr_mux0                                                            |     0.031 |
|                 write_addr_mux1                                                            |     0.033 |
|               single_channel.datapath                                                      |    12.639 |
|                 blkmem_gen.use_bram_only.dpm0                                              |     0.782 |
|                 blkmem_gen.use_bram_only.dpm1                                              |     0.736 |
|                 i_switch_im0                                                               |     0.317 |
|                 i_switch_im1                                                               |     0.299 |
|                 i_switch_re0                                                               |     0.298 |
|                 i_switch_re1                                                               |     0.303 |
|                 input_delay_re                                                             |    <0.001 |
|                 output_selector_im                                                         |     0.345 |
|                 output_selector_re                                                         |     0.337 |
|                 pe                                                                         |     8.539 |
|                   btrfly                                                                   |     1.538 |
|                     logic_butterfly.add_i                                                  |     0.366 |
|                       adder                                                                |     0.366 |
|                         i_baseblox.i_baseblox_addsub                                       |     0.366 |
|                           no_pipelining.the_addsub                                         |     0.366 |
|                             i_lut6.i_lut6_addsub                                           |     0.366 |
|                               i_q.i_simple.qreg                                            |     0.167 |
|                     logic_butterfly.add_r                                                  |     0.382 |
|                       adder                                                                |     0.382 |
|                         i_baseblox.i_baseblox_addsub                                       |     0.382 |
|                           no_pipelining.the_addsub                                         |     0.382 |
|                             i_lut6.i_lut6_addsub                                           |     0.382 |
|                               i_q.i_simple.qreg                                            |     0.165 |
|                     logic_butterfly.sub_i                                                  |     0.397 |
|                       subtracter                                                           |     0.397 |
|                         i_baseblox.i_baseblox_addsub                                       |     0.397 |
|                           no_pipelining.the_addsub                                         |     0.397 |
|                             i_lut6.i_lut6_addsub                                           |     0.397 |
|                               i_q.i_simple.qreg                                            |     0.182 |
|                     logic_butterfly.sub_r                                                  |     0.393 |
|                       subtracter                                                           |     0.393 |
|                         i_baseblox.i_baseblox_addsub                                       |     0.393 |
|                           no_pipelining.the_addsub                                         |     0.393 |
|                             i_lut6.i_lut6_addsub                                           |     0.393 |
|                               i_q.i_simple.qreg                                            |     0.181 |
|                   cmplx_mult                                                               |     6.015 |
|                     i_cmpy                                                                 |     6.015 |
|                       three_mult_structure.use_dsp.i_dsp48                                 |     6.015 |
|                         dsp_preadder_1.reg_mult1_preadd_d                                  |     0.236 |
|                         mult1_preadder_d_plus_a.mult1                                      |     1.798 |
|                           mult                                                             |     1.798 |
|                             use_prim.iAdelx[0].iAdely[0].use_delay_line.Adelay             |     0.149 |
|                             use_prim.iBdelx[0].iBdely[0].need_delay_line.Bdelay            |     0.294 |
|                         mult2_preadder_d_plus_a.mult2                                      |     1.519 |
|                           mult                                                             |     1.519 |
|                         mult3_preadder_d_minus_a.mult3                                     |     1.669 |
|                           mult                                                             |     1.669 |
|                             use_prim.iBdelx[0].iBdely[0].need_delay_line.Bdelay            |     0.291 |
|                         optionally_negate_inputs                                           |     0.793 |
|                   pipeline_balancer_im                                                     |     0.362 |
|                   pipeline_balancer_re                                                     |     0.312 |
|                 write_data_mux_im0                                                         |     0.170 |
|                 write_data_mux_im1                                                         |     0.182 |
|                 write_data_mux_re0                                                         |     0.159 |
|                 write_data_mux_re1                                                         |     0.171 |
|     MULT_IMAG                                                                              |     1.255 |
|       U0                                                                                   |     1.255 |
|         i_mult                                                                             |     1.255 |
|           gDSP.gDSP_only.iDSP                                                              |     1.255 |
|     MULT_REAL                                                                              |     1.362 |
|       U0                                                                                   |     1.362 |
|         i_mult                                                                             |     1.362 |
|           gDSP.gDSP_only.iDSP                                                              |     1.362 |
|     OUT_EN_DELAY                                                                           |    <0.001 |
|     SQRT                                                                                   |     5.050 |
|       U0                                                                                   |     5.050 |
|         i_synth                                                                            |     5.050 |
|           i_nd_to_rdy                                                                      |     0.001 |
|           i_synth                                                                          |     5.049 |
|             gen_sqrt.square_root                                                           |     5.049 |
|               gen_iterations[11].gen_post_mid.gen_rem                                      |     0.715 |
|                 gen_data_int                                                               |     0.056 |
|                 gen_inv_sqrt_out                                                           |     0.105 |
|                 gen_rem.gen_rem_out                                                        |     0.124 |
|                 gen_rem_inc                                                                |     0.266 |
|                   inst                                                                     |     0.266 |
|                     i_baseblox.i_baseblox_addsub                                           |     0.266 |
|                       no_pipelining.the_addsub                                             |     0.266 |
|                         i_lut6.i_lut6_addsub                                               |     0.266 |
|               gen_iterations[11].gen_pre_mid.gen_rem                                       |     0.515 |
|                 gen_data_int                                                               |     0.052 |
|                 gen_rem_inc                                                                |     0.241 |
|                   inst                                                                     |     0.241 |
|                     i_baseblox.i_baseblox_addsub                                           |     0.241 |
|                       no_pipelining.the_addsub                                             |     0.241 |
|                         i_lut6.i_lut6_addsub                                               |     0.241 |
|               gen_iterations[12].gen_post_mid.gen_rem                                      |     0.514 |
|                 gen_data_int                                                               |     0.050 |
|                 gen_rem_inc                                                                |     0.221 |
|                   inst                                                                     |     0.221 |
|                     i_baseblox.i_baseblox_addsub                                           |     0.221 |
|                       no_pipelining.the_addsub                                             |     0.221 |
|                         i_lut6.i_lut6_addsub                                               |     0.221 |
|               gen_iterations[12].gen_pre_mid.gen_rem                                       |     0.680 |
|                 gen_data_int                                                               |     0.062 |
|                 gen_inv_sqrt_out                                                           |     0.123 |
|                 gen_rem.gen_rem_out                                                        |     0.155 |
|                 gen_rem_inc                                                                |     0.208 |
|                   inst                                                                     |     0.208 |
|                     i_baseblox.i_baseblox_addsub                                           |     0.208 |
|                       no_pipelining.the_addsub                                             |     0.208 |
|                         i_lut6.i_lut6_addsub                                               |     0.208 |
|               gen_iterations[13].gen_post_mid.gen_rem                                      |     0.275 |
|                 gen_data_int                                                               |     0.048 |
|                 gen_inv_sqrt_out                                                           |     0.053 |
|                 gen_rem_inc                                                                |     0.174 |
|                   inst                                                                     |     0.174 |
|                     i_baseblox.i_baseblox_addsub                                           |     0.174 |
|                       no_pipelining.the_addsub                                             |     0.174 |
|                         i_lut6.i_lut6_addsub                                               |     0.174 |
|               gen_iterations[13].gen_pre_mid.gen_rem                                       |     0.428 |
|                 gen_data_int                                                               |     0.061 |
|                 gen_rem_inc                                                                |     0.190 |
|                   inst                                                                     |     0.190 |
|                     i_baseblox.i_baseblox_addsub                                           |     0.190 |
|                       no_pipelining.the_addsub                                             |     0.190 |
|                         i_lut6.i_lut6_addsub                                               |     0.190 |
|               gen_iterations[14].gen_pre_mid.gen_rem                                       |     0.462 |
|                 gen_data_int                                                               |     0.045 |
|                 gen_inv_sqrt_out                                                           |     0.069 |
|                 gen_rem.gen_rem_out                                                        |     0.096 |
|                 gen_rem_inc                                                                |     0.146 |
|                   inst                                                                     |     0.146 |
|                     i_baseblox.i_baseblox_addsub                                           |     0.146 |
|                       no_pipelining.the_addsub                                             |     0.146 |
|                         i_lut6.i_lut6_addsub                                               |     0.146 |
|               gen_iterations[15].gen_post_mid.gen_rem                                      |     0.068 |
|                 gen_inv_sqrt_out                                                           |     0.068 |
|               gen_iterations[15].gen_pre_mid.gen_rem                                       |     0.308 |
|                 gen_data_int                                                               |     0.043 |
|                 gen_rem_inc                                                                |     0.145 |
|                   inst                                                                     |     0.145 |
|                     i_baseblox.i_baseblox_addsub                                           |     0.145 |
|                       no_pipelining.the_addsub                                             |     0.145 |
|                         i_lut6.i_lut6_addsub                                               |     0.145 |
|               gen_iterations[16].gen_pre_mid.gen_rem                                       |     0.372 |
|                 gen_data_int                                                               |     0.027 |
|                 gen_inv_sqrt_out                                                           |     0.064 |
|                 gen_rem.gen_rem_out                                                        |     0.087 |
|                 gen_rem_inc                                                                |     0.118 |
|                   inst                                                                     |     0.118 |
|                     i_baseblox.i_baseblox_addsub                                           |     0.118 |
|                       no_pipelining.the_addsub                                             |     0.118 |
|                         i_lut6.i_lut6_addsub                                               |     0.118 |
|               gen_iterations[17].gen_post_mid.gen_rem                                      |     0.067 |
|                 gen_inv_sqrt_out                                                           |     0.067 |
|               gen_iterations[17].gen_pre_mid.gen_rem                                       |     0.232 |
|                 gen_data_int                                                               |     0.028 |
|                 gen_rem_inc                                                                |     0.107 |
|                   inst                                                                     |     0.107 |
|                     i_baseblox.i_baseblox_addsub                                           |     0.107 |
|                       no_pipelining.the_addsub                                             |     0.107 |
|                         i_lut6.i_lut6_addsub                                               |     0.107 |
|               gen_iterations[18].gen_pre_mid.gen_rem                                       |     0.194 |
|                 gen_inv_sqrt_out                                                           |     0.039 |
|                 gen_rem.gen_rem_out                                                        |     0.043 |
|                 gen_rem_inc                                                                |     0.061 |
|                   inst                                                                     |     0.061 |
|                     i_baseblox.i_baseblox_addsub                                           |     0.061 |
|                       no_pipelining.the_addsub                                             |     0.061 |
|                         i_lut6.i_lut6_addsub                                               |     0.061 |
|               gen_iterations[19].gen_last.gen_no_round.gen_sqrt_tmp                        |     0.073 |
|               gen_iterations[19].gen_last.gen_rem                                          |     0.052 |
|                 gen_inv_sqrt_out                                                           |     0.052 |
|               gen_rdy_int                                                                  |     0.000 |
|   OPTRAM_CTRL                                                                              |     0.058 |
|     counter                                                                                |     0.058 |
|   OPTRAM_DELAY                                                                             |    <0.001 |
|   OUT_LATCH                                                                                |     0.003 |
|   OUT_mux_1                                                                                |     0.001 |
|   OUT_mux_2                                                                                |     0.002 |
|   PCRAM                                                                                    |     0.021 |
|     RAM1                                                                                   |     0.021 |
|       U0                                                                                   |     0.021 |
|         inst_blk_mem_gen                                                                   |     0.021 |
|           gnbram.gnativebmg.native_blk_mem_gen                                             |     0.021 |
|             valid.cstr                                                                     |     0.021 |
|               ramloop[0].ram.r                                                             |     0.021 |
|                 prim_noinit.ram                                                            |     0.021 |
|   PCRAM_CTRL                                                                               |     0.062 |
|     counter                                                                                |     0.040 |
|   PC_MUX                                                                                   |     0.034 |
|   TRIBUF                                                                                   |     0.000 |
|   addr_decode                                                                              |     0.025 |
|   clk_gen                                                                                  |     0.846 |
|     CNT0                                                                                   |     0.777 |
|   m_data_IOBUF[0]_inst                                                                     |     0.717 |
|   m_data_IOBUF[1]_inst                                                                     |     0.717 |
|   m_data_IOBUF[2]_inst                                                                     |     0.717 |
|   m_data_IOBUF[3]_inst                                                                     |     0.717 |
|   m_data_IOBUF[4]_inst                                                                     |     0.717 |
|   m_data_IOBUF[5]_inst                                                                     |     0.716 |
|   m_data_IOBUF[6]_inst                                                                     |     0.717 |
|   m_data_IOBUF[7]_inst                                                                     |     0.717 |
|   main_ctrl                                                                                |     0.316 |
|     ad_ctrl                                                                                |     0.039 |
|     len_latch                                                                              |    <0.001 |
+--------------------------------------------------------------------------------------------+-----------+


